// Jest Snapshot v1, https://goo.gl/fbAQLP

exports[`Services Index should match snapshot 1`] = `
[
  "ProductDataService",
  "calculateLoanSchedule",
  "convertMonthlyToYearlyRate",
  "convertYearlyToMonthlyRate",
  "productService",
  "simulationsApi",
]
`;
