// Jest Snapshot v1, https://goo.gl/fbAQLP

exports[`Splash Screens Index should match snapshot 1`] = `[Function]`;
