// Jest Snapshot v1, https://goo.gl/fbAQLP

exports[`SubmitButton should match snapshot when canSubmit is false 1`] = `null`;

exports[`SubmitButton should match snapshot when canSubmit is true 1`] = `
<View
  style={
    {
      "padding": 20,
    }
  }
>
  <View
    accessibilityState={
      {
        "busy": undefined,
        "checked": undefined,
        "disabled": undefined,
        "expanded": undefined,
        "selected": undefined,
      }
    }
    accessibilityValue={
      {
        "max": undefined,
        "min": undefined,
        "now": undefined,
        "text": undefined,
      }
    }
    accessible={true}
    collapsable={false}
    focusable={true}
    onClick={[Function]}
    onResponderGrant={[Function]}
    onResponderMove={[Function]}
    onResponderRelease={[Function]}
    onResponderTerminate={[Function]}
    onResponderTerminationRequest={[Function]}
    onStartShouldSetResponder={[Function]}
    style={
      {
        "backgroundColor": "#005CA9",
        "opacity": 1,
      }
    }
  >
    <Text>
      Cadastrar Produto
    </Text>
  </View>
</View>
`;
