// Jest Snapshot v1, https://goo.gl/fbAQLP

exports[`CreateProduct Styles should match snapshot 1`] = `
{
  "backButton": {
    "alignItems": "center",
    "borderRadius": 20,
    "height": 40,
    "justifyContent": "center",
    "marginLeft": -8,
    "marginRight": 16,
    "padding": 8,
    "width": 40,
  },
  "container": {
    "backgroundColor": "#FFFFFF",
    "flex": 1,
  },
  "content": {
    "flex": 1,
  },
  "contentContainer": {
    "paddingBottom": 32,
  },
  "footer": {
    "backgroundColor": "#FFFFFF",
    "borderTopColor": "#EEEEEE",
    "borderTopWidth": 1,
    "elevation": 4,
    "padding": 20,
    "shadowColor": "#000",
    "shadowOffset": {
      "height": -2,
      "width": 0,
    },
    "shadowOpacity": 0.1,
    "shadowRadius": 3.84,
  },
  "form": {
    "gap": 24,
    "paddingHorizontal": 0,
    "paddingTop": 24,
  },
  "header": {
    "alignItems": "center",
    "backgroundColor": "#FFFFFF",
    "flexDirection": "row",
    "minHeight": 64,
    "paddingBottom": 20,
    "paddingHorizontal": 20,
    "paddingTop": 16,
  },
  "keyboardView": {
    "flex": 1,
  },
  "submitButton": {
    "borderRadius": 12,
    "minHeight": 48,
    "width": "100%",
  },
  "submitButtonDisabled": {
    "backgroundColor": "#D0E0E3",
  },
  "submitButtonEnabled": {
    "backgroundColor": "#F39200",
  },
  "title": {
    "color": "#005CA9",
    "flex": 1,
    "fontSize": 18,
    "fontWeight": "600",
    "lineHeight": 24,
  },
}
`;
