// Jest Snapshot v1, https://goo.gl/fbAQLP

exports[`SimulationResult should match snapshot 1`] = `
<View
  style={
    {
      "backgroundColor": "#F4F8FB",
      "flex": 1,
    }
  }
>
  <View
    testID="header"
  >
    <View
      accessibilityState={
        {
          "busy": undefined,
          "checked": undefined,
          "disabled": undefined,
          "expanded": undefined,
          "selected": undefined,
        }
      }
      accessibilityValue={
        {
          "max": undefined,
          "min": undefined,
          "now": undefined,
          "text": undefined,
        }
      }
      accessible={true}
      collapsable={false}
      focusable={true}
      onClick={[Function]}
      onResponderGrant={[Function]}
      onResponderMove={[Function]}
      onResponderRelease={[Function]}
      onResponderTerminate={[Function]}
      onResponderTerminationRequest={[Function]}
      onStartShouldSetResponder={[Function]}
      style={
        {
          "opacity": 1,
        }
      }
    >
      <Text>
        Header
      </Text>
    </View>
  </View>
  <View
    style={
      {
        "flex": 1,
      }
    }
  >
    <View>
      <View
        testID="result-summary"
      >
        <Text>
          Valor: 
          50000
        </Text>
        <Text>
          Parcelas: 
          24
        </Text>
      </View>
      <View
        testID="installments-header"
      >
        <Text>
          Parcelas
        </Text>
      </View>
    </View>
    <View
      testID="cronograma-pagamentos"
    >
      <Text>
        Loan Schedule Panel
      </Text>
    </View>
    <View
      testID="footer"
    >
      <View
        accessibilityState={
          {
            "busy": undefined,
            "checked": undefined,
            "disabled": undefined,
            "expanded": undefined,
            "selected": undefined,
          }
        }
        accessibilityValue={
          {
            "max": undefined,
            "min": undefined,
            "now": undefined,
            "text": undefined,
          }
        }
        accessible={true}
        collapsable={false}
        focusable={true}
        onClick={[Function]}
        onResponderGrant={[Function]}
        onResponderMove={[Function]}
        onResponderRelease={[Function]}
        onResponderTerminate={[Function]}
        onResponderTerminationRequest={[Function]}
        onStartShouldSetResponder={[Function]}
        style={
          {
            "opacity": 1,
          }
        }
      >
        <Text>
          Nova Simulação
        </Text>
      </View>
    </View>
  </View>
</View>
`;
