// Jest Snapshot v1, https://goo.gl/fbAQLP

exports[`RegisterProducts Styles should match snapshot 1`] = `
{
  "actionRow": {
    "alignItems": "center",
    "flexDirection": "row",
    "gap": 8,
  },
  "activeBadge": {
    "backgroundColor": "#E8F5E8",
  },
  "activeText": {
    "color": "#2E7D32",
  },
  "addButton": {
    "marginLeft": 12,
    "padding": 8,
  },
  "backButton": {
    "marginLeft": -8,
    "marginRight": 12,
    "padding": 8,
  },
  "centerContent": {
    "alignItems": "center",
    "flex": 1,
    "justifyContent": "center",
    "paddingHorizontal": 16,
  },
  "centerText": {
    "textAlign": "center",
  },
  "container": {
    "backgroundColor": "#F4F8FB",
    "flex": 1,
  },
  "createNewButton": {
    "backgroundColor": "transparent",
    "borderColor": "#005CA9",
    "borderRadius": 8,
    "borderStyle": "dashed",
    "borderWidth": 2,
    "marginBottom": 24,
    "paddingHorizontal": 16,
    "paddingVertical": 16,
  },
  "createNewContent": {
    "alignItems": "center",
    "flexDirection": "row",
    "justifyContent": "center",
  },
  "createNewText": {
    "color": "#005CA9",
    "fontSize": 16,
    "fontWeight": "500",
    "marginLeft": 8,
  },
  "deleteButton": {
    "alignItems": "center",
    "backgroundColor": "rgba(220, 38, 38, 0.08)",
    "borderRadius": 12,
    "height": 28,
    "justifyContent": "center",
    "marginLeft": 8,
    "padding": 6,
    "width": 28,
  },
  "detailLabel": {
    "color": "#666666",
    "fontSize": 14,
  },
  "detailRow": {
    "alignItems": "center",
    "flexDirection": "row",
    "justifyContent": "space-between",
  },
  "detailValue": {
    "color": "#12161C",
    "fontSize": 14,
    "fontWeight": "500",
  },
  "emptyContainer": {
    "alignItems": "center",
    "flex": 1,
    "justifyContent": "center",
    "paddingVertical": 48,
  },
  "emptySubtitle": {
    "color": "#666666",
    "fontSize": 14,
    "paddingHorizontal": 24,
    "textAlign": "center",
  },
  "emptyTitle": {
    "color": "#666666",
    "fontSize": 18,
    "fontWeight": "600",
    "marginBottom": 8,
    "marginTop": 16,
  },
  "footer": {
    "backgroundColor": "#FFFFFF",
    "borderTopColor": "#E0E0E0",
    "borderTopWidth": 1,
    "elevation": 8,
    "padding": 16,
    "shadowColor": "#000",
    "shadowOffset": {
      "height": -2,
      "width": 0,
    },
    "shadowOpacity": 0.1,
    "shadowRadius": 3.84,
  },
  "header": {
    "alignItems": "center",
    "backgroundColor": "#F4F8FB",
    "flexDirection": "row",
    "paddingBottom": 16,
    "paddingHorizontal": 16,
    "paddingTop": 32,
  },
  "headerTitle": {
    "color": "#005CA9",
    "flex": 1,
    "fontSize": 20,
    "fontWeight": "600",
  },
  "inactiveBadge": {
    "backgroundColor": "#FFF3E0",
  },
  "inactiveText": {
    "color": "#F57C00",
  },
  "productCard": {
    "backgroundColor": "#FFFFFF",
    "borderColor": "#EEEEEE",
    "borderRadius": 12,
    "borderWidth": 1,
    "elevation": 2,
    "padding": 16,
    "shadowColor": "#000",
    "shadowOffset": {
      "height": 1,
      "width": 0,
    },
    "shadowOpacity": 0.1,
    "shadowRadius": 2,
  },
  "productCardSelected": {
    "backgroundColor": "#F0F7FF",
    "borderColor": "#005CA9",
    "borderWidth": 2,
  },
  "productDetails": {
    "gap": 8,
  },
  "productHeader": {
    "alignItems": "center",
    "flexDirection": "row",
    "justifyContent": "space-between",
    "marginBottom": 12,
  },
  "productIcon": {
    "marginRight": 8,
  },
  "productIconContainer": {
    "alignItems": "center",
    "backgroundColor": "#F4F8FB",
    "borderRadius": 6,
    "height": 32,
    "justifyContent": "center",
    "marginRight": 12,
    "width": 32,
  },
  "productInfo": {
    "alignItems": "center",
    "flex": 1,
    "flexDirection": "row",
    "justifyContent": "space-between",
  },
  "productName": {
    "color": "#12161C",
    "flex": 1,
    "fontSize": 16,
    "fontWeight": "600",
  },
  "productTitle": {
    "color": "#12161C",
    "fontSize": 16,
    "fontWeight": "600",
  },
  "productTitleRow": {
    "alignItems": "center",
    "flex": 1,
    "flexDirection": "row",
    "marginBottom": 4,
  },
  "productsContainer": {
    "gap": 16,
    "paddingVertical": 16,
  },
  "productsList": {
    "gap": 16,
  },
  "saveButton": {
    "backgroundColor": "#F59E0B",
    "borderRadius": 12,
    "elevation": 4,
    "shadowColor": "#000",
    "shadowOffset": {
      "height": 2,
      "width": 0,
    },
    "shadowOpacity": 0.1,
    "shadowRadius": 3.84,
    "width": "100%",
  },
  "scrollView": {
    "flex": 1,
    "paddingHorizontal": 16,
  },
  "selectionIndicator": {
    "position": "absolute",
    "right": 8,
    "top": 8,
  },
  "statusBadge": {
    "alignItems": "center",
    "borderRadius": 8,
    "minWidth": 60,
    "paddingHorizontal": 8,
    "paddingVertical": 4,
  },
  "statusBadgeActive": {
    "backgroundColor": "#E8F5E8",
  },
  "statusBadgeInactive": {
    "backgroundColor": "#FFF3E0",
  },
  "statusText": {
    "fontSize": 12,
    "fontWeight": "600",
  },
  "statusTextActive": {
    "color": "#2E7D32",
  },
  "statusTextInactive": {
    "color": "#F57C00",
  },
}
`;
