// Jest Snapshot v1, https://goo.gl/fbAQLP

exports[`Products Services Index should match snapshot 1`] = `
[
  "ProductDataService",
  "productService",
]
`;
