// Jest Snapshot v1, https://goo.gl/fbAQLP

exports[`Simulations API Index should match snapshot 1`] = `
[
  "simulationsApi",
]
`;
