// Jest Snapshot v1, https://goo.gl/fbAQLP

exports[`ProductsContext should match snapshot 1`] = `
<div
  data-testid="test-component"
>
  Test
</div>
`;
