// Jest Snapshot v1, https://goo.gl/fbAQLP

exports[`AppStack Navigation should match snapshot 1`] = `
<RNCSafeAreaProvider
  onInsetsChange={[Function]}
  style={
    [
      {
        "flex": 1,
      },
      undefined,
    ]
  }
>
  <RNCSafeAreaProvider
    onInsetsChange={[Function]}
    style={
      [
        {
          "flex": 1,
        },
        {
          "bottom": 0,
          "left": 0,
          "position": "absolute",
          "right": 0,
          "top": 0,
        },
      ]
    }
  />
  <RNSScreenStack
    style={
      {
        "flex": 1,
      }
    }
  >
    <RNSScreen
      activityState={2}
      aria-hidden={false}
      collapsable={false}
      fullScreenSwipeShadowEnabled={true}
      gestureResponseDistance={
        {
          "bottom": -1,
          "end": -1,
          "start": -1,
          "top": -1,
        }
      }
      hasLargeHeader={false}
      nativeBackButtonDismissalEnabled={false}
      onAppear={[Function]}
      onDisappear={[Function]}
      onDismissed={[Function]}
      onGestureCancel={[Function]}
      onHeaderBackButtonClicked={[Function]}
      onHeaderHeightChange={[Function]}
      onNativeDismissCancelled={[Function]}
      onSheetDetentChanged={[Function]}
      onTransitionProgress={[Function]}
      onWillAppear={[Function]}
      onWillDisappear={[Function]}
      replaceAnimation="push"
      screenId="Splash-yqx5G_kFLIPGIyGyUqk7R"
      sheetAllowedDetents={
        [
          1,
        ]
      }
      sheetCornerRadius={-1}
      sheetElevation={24}
      sheetExpandsWhenScrolledToEdge={true}
      sheetGrabberVisible={false}
      sheetInitialDetent={0}
      sheetInitialDetentIndex={0}
      sheetLargestUndimmedDetent={-1}
      sheetLargestUndimmedDetentIndex={-1}
      stackPresentation="push"
      style={
        [
          [
            {
              "bottom": 0,
              "left": 0,
              "position": "absolute",
              "right": 0,
              "top": 0,
            },
            undefined,
          ],
          {
            "zIndex": undefined,
          },
        ]
      }
      swipeDirection="horizontal"
    >
      <RNSScreenContentWrapper
        collapsable={false}
        style={
          [
            {
              "flex": 1,
            },
            [
              {
                "backgroundColor": "rgb(242, 242, 242)",
              },
              undefined,
            ],
          ]
        }
      >
        <View
          testID="splash-screen"
        >
          <Text>
            Splash
          </Text>
        </View>
      </RNSScreenContentWrapper>
      <RNSScreenStackHeaderConfig
        backButtonInCustomView={false}
        backTitleFontFamily="System"
        backTitleVisible={true}
        backgroundColor="#005ca9"
        color="#ffffff"
        direction="ltr"
        disableBackButtonMenu={false}
        hidden={true}
        hideBackButton={false}
        largeTitleFontFamily="System"
        largeTitleFontWeight="700"
        largeTitleHideShadow={false}
        pointerEvents="box-none"
        style={
          {
            "alignItems": "center",
            "flexDirection": "row",
            "justifyContent": "space-between",
            "position": "absolute",
            "width": "100%",
          }
        }
        title="Splash"
        titleColor="#ffffff"
        titleFontFamily="System"
        titleFontWeight="bold"
        topInsetEnabled={true}
        translucent={false}
      />
    </RNSScreen>
  </RNSScreenStack>
</RNCSafeAreaProvider>
`;
