// Jest Snapshot v1, https://goo.gl/fbAQLP

exports[`CreateProductForm Styles should match snapshot 1`] = `
{
  "autoFilledBadge": {
    "color": "#059669",
    "fontSize": 12,
    "fontWeight": "400",
  },
  "autoFilledContainer": {
    "backgroundColor": "#F0FDF4",
    "borderColor": "#D1FAE5",
    "borderRadius": 12,
    "borderWidth": 1,
    "padding": 16,
  },
  "autoFilledLabel": {
    "color": "#374151",
    "fontSize": 14,
    "fontWeight": "500",
  },
  "autoFilledRow": {
    "alignItems": "center",
    "flexDirection": "row",
    "justifyContent": "space-between",
    "marginBottom": 8,
  },
  "autoFilledValue": {
    "color": "#059669",
    "fontSize": 14,
    "fontWeight": "600",
  },
  "checkbox": {
    "alignItems": "center",
    "backgroundColor": "#FFFFFF",
    "borderColor": "#D1D5DB",
    "borderRadius": 4,
    "borderWidth": 2,
    "height": 20,
    "justifyContent": "center",
    "width": 20,
  },
  "checkboxChecked": {
    "backgroundColor": "#005CA9",
    "borderColor": "#005CA9",
  },
  "checkboxGroup": {
    "gap": 12,
  },
  "checkboxItem": {
    "alignItems": "center",
    "flexDirection": "row",
    "gap": 12,
  },
  "checkboxLabel": {
    "color": "#374151",
    "flex": 1,
    "fontSize": 14,
  },
  "checkmark": {
    "color": "#FFFFFF",
    "fontSize": 12,
    "fontWeight": "bold",
  },
  "fieldHint": {
    "color": "#6B7280",
    "fontSize": 12,
    "fontStyle": "italic",
    "marginTop": 4,
  },
  "formContainer": {
    "paddingHorizontal": 20,
  },
  "halfWidth": {
    "flex": 1,
  },
  "highlightedInfoContainer": {
    "backgroundColor": "#ffffff",
    "borderColor": "#28a745",
    "borderRadius": 8,
    "borderWidth": 2,
    "elevation": 3,
    "marginBottom": 16,
    "padding": 12,
    "shadowColor": "#000",
    "shadowOffset": {
      "height": 2,
      "width": 0,
    },
    "shadowOpacity": 0.1,
    "shadowRadius": 3,
  },
  "highlightedInfoLabel": {
    "color": "#2c3e50",
    "fontSize": 14,
    "fontWeight": "600",
  },
  "highlightedInfoRow": {
    "alignItems": "center",
    "borderBottomColor": "#e8f5e8",
    "borderBottomWidth": 1,
    "flexDirection": "row",
    "justifyContent": "space-between",
    "paddingVertical": 8,
  },
  "highlightedInfoValue": {
    "color": "#28a745",
    "fontSize": 16,
    "fontWeight": "700",
  },
  "input": {
    "color": "#111827",
    "fontSize": 14,
  },
  "inputContainer": {
    "backgroundColor": "#F9FAFB",
    "borderColor": "#E5E7EB",
    "borderRadius": 8,
    "borderWidth": 1,
    "padding": 12,
  },
  "inputGroup": {
    "marginBottom": 16,
  },
  "label": {
    "color": "#374151",
    "fontSize": 14,
    "fontWeight": "600",
    "marginBottom": 8,
  },
  "normativoContainer": {
    "backgroundColor": "#EEF2FF",
    "borderColor": "#C7D2FE",
    "borderRadius": 8,
    "borderWidth": 1,
    "padding": 12,
  },
  "normativoDescription": {
    "color": "#6366F1",
    "fontSize": 12,
    "fontStyle": "italic",
  },
  "normativoText": {
    "color": "#3730A3",
    "fontSize": 14,
    "fontWeight": "600",
    "marginBottom": 4,
  },
  "observacaoItem": {
    "color": "#92400E",
    "fontSize": 13,
    "marginBottom": 4,
  },
  "observacoesContainer": {
    "backgroundColor": "#FEF3C7",
    "borderColor": "#FCD34D",
    "borderRadius": 12,
    "borderWidth": 1,
    "marginTop": 16,
    "padding": 16,
  },
  "observacoesTitle": {
    "color": "#92400E",
    "fontSize": 14,
    "fontWeight": "600",
    "marginBottom": 8,
  },
  "radioButton": {
    "alignItems": "center",
    "borderColor": "#D1D5DB",
    "borderRadius": 10,
    "borderWidth": 2,
    "height": 20,
    "justifyContent": "center",
    "marginRight": 12,
    "width": 20,
  },
  "radioButtonSelected": {
    "backgroundColor": "#005CA9",
    "borderRadius": 5,
    "height": 10,
    "width": 10,
  },
  "radioContent": {
    "flex": 1,
  },
  "radioDescription": {
    "color": "#667085",
    "fontSize": 14,
  },
  "radioDescriptionDisabled": {
    "color": "#D1D5DB",
  },
  "radioGroup": {
    "gap": 16,
  },
  "radioLabel": {
    "color": "#333333",
    "fontSize": 16,
    "fontWeight": "600",
    "marginBottom": 4,
  },
  "radioLabelDisabled": {
    "color": "#9CA3AF",
  },
  "radioOption": {
    "alignItems": "center",
    "backgroundColor": "#FFFFFF",
    "borderColor": "#E5E7EB",
    "borderRadius": 12,
    "borderWidth": 1,
    "elevation": 1,
    "flexDirection": "row",
    "padding": 20,
    "shadowColor": "#000",
    "shadowOffset": {
      "height": 1,
      "width": 0,
    },
    "shadowOpacity": 0.05,
    "shadowRadius": 2,
  },
  "radioOptionDisabled": {
    "backgroundColor": "#F9FAFB",
    "opacity": 0.6,
  },
  "radioOptionSelected": {
    "backgroundColor": "#F0F7FF",
    "borderColor": "#005CA9",
    "elevation": 2,
    "shadowOpacity": 0.1,
  },
  "radioSubInfo": {
    "color": "#059669",
    "fontSize": 12,
    "fontWeight": "500",
    "marginTop": 4,
  },
  "rowContainer": {
    "flexDirection": "row",
    "gap": 16,
    "marginBottom": 16,
  },
  "section": {
    "marginBottom": 32,
  },
  "sectionDescription": {
    "color": "#667085",
    "fontSize": 14,
    "lineHeight": 20,
    "marginBottom": 20,
  },
  "sectionTitle": {
    "color": "#333333",
    "fontSize": 18,
    "fontWeight": "600",
    "marginBottom": 12,
  },
  "taxasContainer": {
    "backgroundColor": "#ffffff",
    "borderColor": "#dee2e6",
    "borderRadius": 6,
    "borderWidth": 1,
    "padding": 10,
  },
  "taxasTitle": {
    "color": "#495057",
    "fontSize": 13,
    "fontWeight": "600",
    "marginBottom": 8,
    "textAlign": "center",
  },
  "warningContainer": {
    "backgroundColor": "#FEF2F2",
    "borderColor": "#FECACA",
    "borderRadius": 8,
    "borderWidth": 1,
    "marginBottom": 16,
    "padding": 12,
  },
  "warningText": {
    "color": "#DC2626",
    "fontSize": 14,
    "fontWeight": "500",
    "textAlign": "center",
  },
}
`;
