// Jest Snapshot v1, https://goo.gl/fbAQLP

exports[`SplashFallback Index should match snapshot 1`] = `[Function]`;
