// Jest Snapshot v1, https://goo.gl/fbAQLP

exports[`AmountSummary should match snapshot 1`] = `
<View
  style={
    {
      "padding": 10,
    }
  }
>
  <View
    style={
      {
        "flexDirection": "row",
      }
    }
  >
    <Text
      style={
        {
          "fontSize": 16,
        }
      }
    >
      R$ 50000
    </Text>
    <View
      accessibilityState={
        {
          "busy": undefined,
          "checked": undefined,
          "disabled": undefined,
          "expanded": undefined,
          "selected": undefined,
        }
      }
      accessibilityValue={
        {
          "max": undefined,
          "min": undefined,
          "now": undefined,
          "text": undefined,
        }
      }
      accessible={true}
      collapsable={false}
      focusable={true}
      onClick={[Function]}
      onResponderGrant={[Function]}
      onResponderMove={[Function]}
      onResponderRelease={[Function]}
      onResponderTerminate={[Function]}
      onResponderTerminationRequest={[Function]}
      onStartShouldSetResponder={[Function]}
      style={
        {
          "opacity": 1,
          "padding": 5,
        }
      }
    >
      <View
        testID="icon-pencil"
      />
    </View>
  </View>
</View>
`;
