// Jest Snapshot v1, https://goo.gl/fbAQLP

exports[`Design System Index should match snapshot 1`] = `
[
  "Accordion",
  "ActionCard",
  "ArthurAvatar",
  "BottomSheet",
  "BottomSheetHeader",
  "Button",
  "Card",
  "Divider",
  "EmptyState",
  "HeroHeader",
  "Icon",
  "InputField",
  "Skeleton",
  "Text",
  "borderRadius",
  "colors",
  "elevation",
  "fontSizes",
  "fontWeights",
  "gap",
  "iconNames",
  "iconSizes",
  "lineHeights",
  "margin",
  "padding",
  "radius",
  "shadows",
  "spacing",
  "theme",
  "typography",
  "useIcon",
]
`;
