// Jest Snapshot v1, https://goo.gl/fbAQLP

exports[`Simulations Services Index should match snapshot 1`] = `
[
  "calculateLoanSchedule",
  "convertMonthlyToYearlyRate",
  "convertYearlyToMonthlyRate",
  "simulationsApi",
]
`;
